[16:17:39.521] [Info] [d7] uniform=obstacle unit=0 want=11 bound=11 err=0x0
[16:17:39.521] [Info] [d7] uniform=lightState unit=1 want=10 bound=10 err=0x0
[16:17:39.521] [Info] [d7] uniform=emission unit=2 want=10 bound=10 err=0x0
[16:17:39.522] [Info] [d7] uniform=obstacle unit=0 want=11 bound=11 err=0x501
[16:17:39.522] [Info] [d7] uniform=lightState unit=1 want=5 bound=5 err=0x0
[16:17:39.522] [Info] [d7] uniform=emission unit=2 want=10 bound=10 err=0x0
[16:17:39.522] [Info] [d7] uniform=obstacle unit=0 want=11 bound=11 err=0x501
[16:17:39.522] [Info] [d7] uniform=lightState unit=1 want=2 bound=2 err=0x0
[16:17:39.522] [Info] [d7] uniform=emission unit=2 want=10 bound=10 err=0x0
[16:17:39.522] [Info] [d7] uniform=obstacle unit=0 want=11 bound=11 err=0x501
[16:17:39.522] [Info] [d7] uniform=lightState unit=1 want=5 bound=5 err=0x0
[16:17:39.522] [Info] [d7] uniform=emission unit=2 want=10 bound=10 err=0x0
[16:17:39.522] [Info] [d7] uniform=obstacle unit=0 want=11 bound=11 err=0x501
[16:17:39.522] [Info] [d7] uniform=lightState unit=1 want=2 bound=2 err=0x0
[16:17:39.522] [Info] [d7] uniform=emission unit=2 want=10 bound=10 err=0x0
[16:17:39.522] [Info] [d7] uniform=obstacle unit=0 want=11 bound=11 err=0x501
[16:17:39.522] [Info] [d7] uniform=lightState unit=1 want=5 bound=5 err=0x0
[16:17:39.522] [Info] [d7] uniform=emission unit=2 want=10 bound=10 err=0x0
[16:17:39.522] [Info] [d7] uniform=obstacle unit=0 want=11 bound=11 err=0x501
[16:17:39.522] [Info] [d7] uniform=lightState unit=1 want=2 bound=2 err=0x0
[16:17:39.522] [Info] [d7] uniform=emission unit=2 want=10 bound=10 err=0x0
[16:17:39.522] [Info] [d7] uniform=obstacle unit=0 want=11 bound=11 err=0x501
[16:17:39.522] [Info] [d7] uniform=lightState unit=1 want=5 bound=5 err=0x0
[16:17:39.522] [Info] [d7] uniform=emission unit=2 want=10 bound=10 err=0x0
[16:17:39.522] [Info] [d7] uniform=obstacle unit=0 want=12 bound=12 err=0x501
[16:17:39.522] [Info] [d7] uniform=obstacle unit=0 want=12 bound=12 err=0x501
[16:17:39.522] [Info] [d7] uniform=obstacle unit=0 want=12 bound=12 err=0x501
[16:17:39.522] [Info] [d7] uniform=inputTexture unit=0 want=2 bound=2 err=0x501
[16:17:39.522] [Info] [d7] uniform=inputTexture unit=0 want=5 bound=5 err=0x501
[16:17:39.523] [Info] [d7] uniform=lightMap unit=4 want=7 bound=7 err=0x501
[16:17:39.537] [Info] [d7] uniform=lightMap unit=4 want=7 bound=7 err=0x0
[16:17:39.537] [Info] [d7] uniform=lightMap unit=4 want=7 bound=7 err=0x0
[16:17:39.537] [Info] [d7] uniform=lightMap unit=4 want=7 bound=7 err=0x0
[16:17:39.541] [Info] [d7] uniform=lightMap unit=4 want=7 bound=7 err=0x0
[16:17:39.541] [Info] [d7] uniform=lightMap unit=4 want=7 bound=7 err=0x0
[16:17:39.541] [Info] [d7] uniform=lightMap unit=4 want=7 bound=7 err=0x0
[16:17:39.541] [Info] [d7] uniform=lightMap unit=4 want=7 bound=7 err=0x0
[16:17:39.541] [Info] [d7] uniform=lightMap unit=4 want=7 bound=7 err=0x0
[16:17:39.541] [Info] [d7] uniform=lightMap unit=4 want=7 bound=7 err=0x0
[16:17:39.542] [Info] [d7] uniform=lightMap unit=4 want=7 bound=7 err=0x0
